Resuming: 5500 artists already crawled, 99522 in frontier.
  checkpoint: 5750/15000 artists crawled (102736 in frontier)
  checkpoint: 6000/15000 artists crawled (106569 in frontier)
  checkpoint: 6250/15000 artists crawled (110099 in frontier)
  checkpoint: 6500/15000 artists crawled (113303 in frontier)
  checkpoint: 6750/15000 artists crawled (116752 in frontier)
  checkpoint: 7000/15000 artists crawled (120087 in frontier)
  checkpoint: 7250/15000 artists crawled (123729 in frontier)
  checkpoint: 7500/15000 artists crawled (127539 in frontier)
  checkpoint: 7750/15000 artists crawled (130856 in frontier)
  checkpoint: 8000/15000 artists crawled (134118 in frontier)
  checkpoint: 8250/15000 artists crawled (137448 in frontier)
  checkpoint: 8500/15000 artists crawled (140561 in frontier)
  checkpoint: 8750/15000 artists crawled (143645 in frontier)
  checkpoint: 9000/15000 artists crawled (146418 in frontier)
  checkpoint: 9250/15000 artists crawled (149724 in frontier)
  checkpoint: 9500/15000 artists crawled (152590 in frontier)
  checkpoint: 9750/15000 artists crawled (155639 in frontier)
  checkpoint: 10000/15000 artists crawled (158380 in frontier)
  checkpoint: 10250/15000 artists crawled (161369 in frontier)
  checkpoint: 10500/15000 artists crawled (164090 in frontier)
  checkpoint: 10750/15000 artists crawled (166921 in frontier)
  checkpoint: 11000/15000 artists crawled (169929 in frontier)
  checkpoint: 11250/15000 artists crawled (172829 in frontier)
  checkpoint: 11500/15000 artists crawled (175651 in frontier)
  checkpoint: 11750/15000 artists crawled (178139 in frontier)
  checkpoint: 12000/15000 artists crawled (180867 in frontier)
  checkpoint: 12250/15000 artists crawled (183457 in frontier)
  checkpoint: 12500/15000 artists crawled (186161 in frontier)
  checkpoint: 12750/15000 artists crawled (188641 in frontier)
  checkpoint: 13000/15000 artists crawled (191297 in frontier)
  checkpoint: 13250/15000 artists crawled (194158 in frontier)
  checkpoint: 13500/15000 artists crawled (197015 in frontier)
  checkpoint: 13750/15000 artists crawled (199354 in frontier)
  checkpoint: 14000/15000 artists crawled (202292 in frontier)
  checkpoint: 14250/15000 artists crawled (205017 in frontier)
  checkpoint: 14500/15000 artists crawled (207676 in frontier)
  checkpoint: 14750/15000 artists crawled (210126 in frontier)
  checkpoint: 15000/15000 artists crawled (212627 in frontier)

Crawl complete (or capped): 15000 artists.
Errors encountered: 0
By depth: {0: 90, 1: 500, 2: 1096, 3: 1751, 4: 2109, 5: 2212, 6: 1997, 7: 1673, 8: 1238, 9: 806, 10: 572, 11: 359, 12: 247, 13: 151, 14: 104, 15: 58, 16: 26, 17: 6, 18: 5}
